0 verbose cli C:\nvm4w\nodejs\node.exe C:\nvm4w\nodejs\node_modules\npm\bin\npm-cli.js
1 info using npm@11.6.2
2 info using node@v24.12.0
3 silly config load:file:C:\Users\parip\AppData\Local\nvm\v24.12.0\node_modules\npm\npmrc
4 silly config load:file:P:\Projects\Sound Board\.npmrc
5 silly config load:file:C:\Users\parip\.npmrc
6 silly config load:file:C:\Users\parip\AppData\Roaming\npm\etc\npmrc
7 verbose title npm pack
8 verbose argv "pack" "--dry-run"
9 verbose logfile logs-max:10 dir:P:\Projects\Sound Board\.npm-cache\_logs\2026-03-12T12_39_38_363Z-
10 verbose logfile P:\Projects\Sound Board\.npm-cache\_logs\2026-03-12T12_39_38_363Z-debug-0.log
11 silly logfile done cleaning log files
12 silly packumentCache heap:4496293888 maxSize:1124073472 maxEntrySize:562036736
13 http fetch GET https://registry.npmjs.org/npm attempt 1 failed with EACCES
14 notice
15 notice package: ide-error-soundboard@0.1.0
16 notice Tarball Contents
17 notice 175B .ide-error-soundboard/config.json
17 notice 873B .npm-cache/_logs/2026-03-12T12_39_38_363Z-debug-0.log
17 notice 0B .npm-cache/_update-notifier-last-checked
17 notice 32B .vscodeignore
17 notice 2.8kB README.md
17 notice 3.5kB bin/soundboard.js
17 notice 3.6kB package.json
17 notice 637B scripts/check-syntax.js
17 notice 7.1kB src/extension.js
17 notice 2.1kB src/shared/audio.js
17 notice 3.4kB src/shared/config.js
17 notice 455B src/shared/detector.js
18 notice Tarball Details
19 notice name: ide-error-soundboard
20 notice version: 0.1.0
21 notice filename: ide-error-soundboard-0.1.0.tgz
22 notice package size: 7.2 kB
23 notice unpacked size: 24.9 kB
24 notice shasum: 27e0e1ad70ef16e6a8f02f203a99a0fda018edf4
25 notice integrity: sha512-slC5HzI+1p319[...]nsejt3Tnpnzkw==
26 notice total files: 12
27 notice
28 verbose cwd P:\Projects\Sound Board
29 verbose os Windows_NT 10.0.26200
30 verbose node v24.12.0
31 verbose npm  v11.6.2
32 verbose exit 0
33 info ok
